[    0s] nap du lieu ...
[    7s] train 2913 doc, valid 710 doc
[    8s] thong ke gold: 2014 doc, chinh tham so: 499 doc, valid 710 doc
[   53s] tam giac: thong ke 4376110, chinh 1196481, valid 1825360
[    0s] nap du lieu ...
[    6s] train 2913 doc, valid 710 doc
[   12s] train con lai 2513 doc (bo 400 doc dau)
[   13s] dung dieu kien theo tang ...
[  203s] instance: train 619027, valid 188924
[  221s] dung cau truc motif ...
[  794s] xong cau truc

[  808s] fold 0: mine 120, confirm 109, tune 113 doc, test 368 doc
[ 1046s]   fold 0 net: B->joint ('mean', 0.5, 0.5), joint-only ('mean', 0.2, 0.0)
[ 1258s]   fold 0 macro: B->joint ('mean', 1.0, 0.5), joint-only ('mean', 1.0, 0.5)
[ 1258s] fold 1: mine 112, confirm 131, tune 125 doc, test 342 doc
[ 1445s]   fold 1 net: B->joint ('mean', 1.0, 0.5), joint-only ('mean', 0.2, 0.0)
[ 1607s]   fold 1 macro: B->joint ('mean', 1.0, 0.5), joint-only ('mean', 1.0, 0.5)

==================================================================================================================================
BAI 2 -- NHIEU CLASSIFIER, CROSS-FIT TREN VALID: auditor tang B, sua chung tam giac, va ghep ca hai
==================================================================================================================================
  do thi classifier tang     loi 15.11%  macro-F1 30.83%
  B | giam loi               P  68.29% R  36.48% F1  47.56%  sua  10099 hong  4837 rong  +5262  loi 15.11% -> 12.33%  macro-F1  31.30%
      loi theo loai: EE 12.4->9.4   ET 10.5->10.2   TE 25.9->21.3   TT 14.4->14.1   | F1 nhan: BEFO 93.2  CONT 51.8  SIMU 27.5  OVER 15.3
  chi tam giac | giam loi    P  71.08% R  33.86% F1  45.87%  sua   9010 hong  3934 rong  +5076  loi 15.11% -> 12.43%  macro-F1  27.41%
      loi theo loai: EE 12.4->9.4   ET 10.5->8.1   TE 25.9->23.1   TT 14.4->14.4   | F1 nhan: BEFO 93.1  CONT 49.7  SIMU 20.6  OVER 1.0
  B -> tam giac | giam loi   P  69.86% R  41.72% F1  52.24%  sua  11370 hong  5139 rong  +6231  loi 15.11% -> 11.81%  macro-F1  31.36%
      loi theo loai: EE 12.4->9.1   ET 10.5->8.4   TE 25.9->20.6   TT 14.4->14.6   | F1 nhan: BEFO 93.5  CONT 52.7  SIMU 28.2  OVER 11.1
  B | macro-F1               P  67.32% R  25.36% F1  36.85%  sua   7058 hong  3516 rong  +3542  loi 15.11% -> 13.24%  macro-F1  31.89%
      loi theo loai: EE 12.4->10.5   ET 10.5->10.1   TE 25.9->22.0   TT 14.4->16.1   | F1 nhan: BEFO 92.6  CONT 55.6  SIMU 27.9  OVER 15.3
  chi tam giac | macro-F1    P  66.71% R  20.99% F1  31.93%  sua   5445 hong  2991 rong  +2454  loi 15.11% -> 13.81%  macro-F1  31.70%
      loi theo loai: EE 12.4->10.9   ET 10.5->9.6   TE 25.9->23.6   TT 14.4->17.0   | F1 nhan: BEFO 92.3  CONT 53.1  SIMU 28.1  OVER 13.2
  B -> tam giac | macro-F1   P  71.02% R  34.12% F1  46.09%  sua   9206 hong  3974 rong  +5232  loi 15.11% -> 12.34%  macro-F1  32.25%
      loi theo loai: EE 12.4->9.9   ET 10.5->8.7   TE 25.9->20.7   TT 14.4->14.6   | F1 nhan: BEFO 93.2  CONT 56.7  SIMU 29.5  OVER 14.1
[ 1608s] xong
