[    0s] nap du lieu ...
[    4s] train 2913 doc, valid 710 doc
[    4s] thong ke gold: 2326 doc, chinh tham so: 587 doc, valid 710 doc
[   41s] tam giac: thong ke 6306908, chinh 1463243, valid 1825360
[    0s] nap du lieu ...
[    4s] train 2913 doc, valid 710 doc
[    8s] train con lai 2913 doc (bo 400 doc dau)
[    8s] dung dieu kien theo tang ...
[  100s] instance: train 792395, valid 188924
[  104s] dung cau truc motif ...
[  957s] xong cau truc

[ 1210s] fold 0: mine 120, confirm 109, tune 113 doc, test 368 doc
[ 1447s]   fold 0 net: B->joint ('mean', 0.5, 0.0), joint-only ('mean', 0.5, 0.0)
[ 1633s]   fold 0 macro: B->joint ('mean', 0.5, 0.5), joint-only ('mean', 1.0, 0.5)
[ 1633s] fold 1: mine 112, confirm 131, tune 125 doc, test 342 doc
[ 1789s]   fold 1 net: B->joint ('mean', 1.0, 0.0), joint-only ('mean', 0.5, 0.0)
[ 1931s]   fold 1 macro: B->joint ('mean', 1.0, 0.5), joint-only ('mean', 1.0, 0.5)

==================================================================================================================================
BAI 2 -- NHIEU CLASSIFIER, CROSS-FIT TREN VALID: auditor tang B, sua chung tam giac, va ghep ca hai
==================================================================================================================================
  do thi classifier tang     loi 14.41%  macro-F1 30.74%
  B | giam loi               P  68.59% R  28.27% F1  40.04%  sua   7468 hong  3526 rong  +3942  loi 14.41% -> 12.32%  macro-F1  31.85%
      loi theo loai: EE 11.4->9.6   ET 10.0->10.0   TE 25.8->20.7   TT 14.5->14.3   | F1 nhan: BEFO 93.2  CONT 54.6  SIMU 28.8  OVER 14.5  BEGI 0.0  ENDS 0.0
  chi tam giac | giam loi    P  71.98% R  27.77% F1  40.08%  sua   6887 hong  2943 rong  +3944  loi 14.41% -> 12.32%  macro-F1  27.95%
      loi theo loai: EE 11.4->9.4   ET 10.0->8.2   TE 25.8->22.4   TT 14.5->14.4   | F1 nhan: BEFO 93.1  CONT 51.9  SIMU 18.0  OVER 1.9  BEGI 2.7  ENDS 0.0
  B -> tam giac | giam loi   P  70.17% R  38.75% F1  49.92%  sua   9869 hong  4485 rong  +5384  loi 14.41% -> 11.56%  macro-F1  28.42%
      loi theo loai: EE 11.4->9.1   ET 10.0->8.0   TE 25.8->19.8   TT 14.5->14.1   | F1 nhan: BEFO 93.6  CONT 54.0  SIMU 21.4  OVER 1.5  BEGI 0.0  ENDS 0.0
  B | macro-F1               P  61.93% R  28.92% F1  39.43%  sua   7634 hong  4841 rong  +2793  loi 14.41% -> 12.93%  macro-F1  31.93%
      loi theo loai: EE 11.4->9.7   ET 10.0->10.1   TE 25.8->23.5   TT 14.5->14.0   | F1 nhan: BEFO 92.8  CONT 55.5  SIMU 28.8  OVER 14.5  BEGI 0.0  ENDS 0.0
  chi tam giac | macro-F1    P  67.62% R  18.68% F1  29.27%  sua   4612 hong  2435 rong  +2177  loi 14.41% -> 13.26%  macro-F1  31.57%
      loi theo loai: EE 11.4->10.2   ET 10.0->9.0   TE 25.8->23.4   TT 14.5->16.8   | F1 nhan: BEFO 92.7  CONT 53.8  SIMU 26.7  OVER 13.9  BEGI 2.3  ENDS 0.0
  B -> tam giac | macro-F1   P  66.00% R  33.97% F1  44.85%  sua   8756 hong  4765 rong  +3991  loi 14.41% -> 12.30%  macro-F1  31.77%
      loi theo loai: EE 11.4->9.4   ET 10.0->8.4   TE 25.8->21.8   TT 14.5->15.5   | F1 nhan: BEFO 93.2  CONT 56.4  SIMU 27.2  OVER 13.7  BEGI 0.0  ENDS 0.0
[ 1932s] xong
