nap do thi TempEKG ...
  109,929 canh EV-EV da du doan

========================================================================================================
DO TIN CAY CUA RANG BUOC DIEM BAT DAU tren cap GT-GT (ty le bao dong gia), muc 20%
========================================================================================================
  gold: BEFOR 1.9% (1953)  BEGIN 0.0% (2)  CONTA 5.1% (273)  OVERL 0.0% (19)  SIMUL 0.0% (46)
  pred: BEFOR 1.7% (1961)  CONTA 6.1% (293)  OVERL 0.0% (3)  SIMUL 8.3% (36)

RO RI 13 -- text_span GAN TRUNG (0,85 < ratio < 1) voi mot dong anh em cung cau, muc 20%:
  bat 183/476 conflict, bao dong gia 303 GT  -> P 37.7%  R 38.4%   (KHONG dung lam detector)

========================================================================================================
BENCHMARK TRUNG THUC -- detector mo rong (#2 moi quan he Allen, #3 tu noi)
========================================================================================================

  muc 05% -- 104 conflict
  detector                      P        R       F1   ANCHO  ORDER  GRANU  IMPLI
  surface                  87.50%   13.46%   23.33%     0/30     0/41    14/26     0/7  
  blame BEFORE pred        46.38%   30.77%   36.99%    10/30    17/41     4/26     1/7  
  blame ALL pred  (#2)     47.13%   39.42%   42.93%    15/30    18/41     7/26     1/7  
  blame ALL gold  (#2)     50.00%   39.42%   44.09%    16/30    18/41     6/26     1/7  
  'after' tran              6.82%   20.19%   10.19%     6/30     9/41     0/26     6/7  
  'after'+do thi pred (#3)   13.89%    4.81%    7.14%     1/30     1/41     0/26     3/7  
  surf+BEFORE (cu)         52.44%   41.35%   46.24%    10/30    17/41    15/26     1/7  
  surf+ALL (#2)            52.00%   50.00%   50.98%    15/30    18/41    18/26     1/7  
  surf+ALL+conn (#2#3)     40.60%   51.92%   45.57%    15/30    18/41    18/26     3/7  

  muc 10% -- 211 conflict
  detector                      P        R       F1   ANCHO  ORDER  GRANU  IMPLI
  surface                  93.55%   13.74%   23.97%     0/65     0/75    29/49     0/22 
  blame BEFORE pred        66.33%   30.81%   42.07%    21/65    28/75    15/49     1/22 
  blame ALL pred  (#2)     62.50%   35.55%   45.32%    26/65    29/75    19/49     1/22 
  blame ALL gold  (#2)     64.66%   35.55%   45.87%    29/65    29/75    16/49     1/22 
  'after' tran             12.58%   18.48%   14.97%     7/65    16/75     4/49    12/22 
  'after'+do thi pred (#3)   28.21%    5.21%    8.80%     1/65     4/75     0/49     6/22 
  surf+BEFORE (cu)         70.83%   40.28%   51.36%    21/65    28/75    35/49     1/22 
  surf+ALL (#2)            66.67%   44.55%   53.41%    26/65    29/75    38/49     1/22 
  surf+ALL+conn (#2#3)     57.39%   47.87%   52.20%    26/65    31/75    38/49     6/22 

  muc 15% -- 343 conflict
  detector                      P        R       F1   ANCHO  ORDER  GRANU  IMPLI
  surface                  95.74%   13.12%   23.08%     0/113    0/116   45/81     0/33 
  blame BEFORE pred        68.71%   29.45%   41.22%    34/113   42/116   24/81     1/33 
  blame ALL pred  (#2)     67.42%   34.99%   46.07%    43/113   45/116   31/81     1/33 
  blame ALL gold  (#2)     66.67%   33.82%   44.87%    44/113   44/116   27/81     1/33 
  'after' tran             20.32%   18.66%   19.45%    15/113   23/116    6/81    20/33 
  'after'+do thi pred (#3)   30.77%    3.50%    6.28%     1/113    3/116    0/81     8/33 
  surf+BEFORE (cu)         73.63%   39.07%   51.05%    34/113   42/116   57/81     1/33 
  surf+ALL (#2)            71.29%   43.44%   53.99%    43/113   45/116   60/81     1/33 
  surf+ALL+conn (#2#3)     64.49%   46.06%   53.74%    43/113   47/116   60/81     8/33 

  muc 20% -- 476 conflict
  detector                      P        R       F1   ANCHO  ORDER  GRANU  IMPLI
  surface                  98.39%   12.82%   22.68%     0/160    1/156   60/111    0/49 
  blame BEFORE pred        73.96%   29.83%   42.51%    55/160   54/156   32/111    1/49 
  blame ALL pred  (#2)     72.17%   34.87%   47.03%    69/160   57/156   38/111    2/49 
  blame ALL gold  (#2)     73.13%   34.87%   47.23%    70/160   58/156   36/111    2/49 
  'after' tran             29.10%   19.75%   23.53%    21/160   32/156   11/111   30/49 
  'after'+do thi pred (#3)   46.34%    3.99%    7.35%     3/160    5/156    1/111   10/49 
  surf+BEFORE (cu)         78.66%   39.50%   52.59%    55/160   54/156   78/111    1/49 
  surf+ALL (#2)            76.19%   43.70%   55.54%    69/160   57/156   80/111    2/49 
  surf+ALL+conn (#2#3)     71.99%   46.43%   56.45%    70/160   59/156   81/111   11/49 
