[    0s] nap du lieu ...
[    5s] train 2913 doc, valid 710 doc
[   10s] train con lai 2913 doc (bo 400 doc dau)
[   10s] dung dieu kien theo tang ...
[  204s] instance: train 792395, valid 188924

======================================================================================================================
BAI 1 -- DO THI THEO TANG: pattern tung tang -> bo pattern chung -> luat lien tang (valid mo mot lan)
======================================================================================================================
[  205s] EV-EV: stage A ...
[  465s]   pattern theo tang: {'ONT': 388, 'ARG': 600, 'DISC': 496, 'LEX': 291, 'TIME': 167}
[  682s]   stage B ...
[  694s]   luat lien tang: 6183 ({'CONTAINS': 5099, 'SIMULTANEOUS': 771, 'OVERLAP': 313})

 EV-EV -- 1673 pattern ({'ONT': 388, 'ARG': 600, 'DISC': 496, 'LEX': 291, 'TIME': 167}), 6183 luat lien tang
   giai doan 1:                     macro  26.99%  acc  87.90%
   + pattern tung tang              macro  27.33% (+0.34)  acc  87.59%  doi  1488 dung  36.7%  nguong {'CONT': 0.5, 'SIMU': 0.2}
      BEFO 93.3  CONT 44.7  SIMU 16.0  OVER 10.0  BEGI 0.0  ENDS 0.0
   + pattern + luat lien tang       macro  27.43% (+0.45)  acc  87.33%  doi  2432 dung  34.9%  nguong {'CONT': 0.5, 'OVER': 0.2, 'SIMU': 0.2}
      BEFO 93.1  CONT 45.5  SIMU 16.1  OVER 9.8  BEGI 0.0  ENDS 0.0
        lien tang -> CONTAINS     cwlb 0.954  DISC:(('EQ', 'bucket_a', 'lead'), ('EQ', 'bucket_b', 'mid')) & LEX:(('dur_src_a', 'hi'), ('lem_a', 'war'))
        lien tang -> CONTAINS     cwlb 0.954  LEX:(('dur_src_a', 'hi'), ('lem_a', 'wars')) & TIME:(('ntx_gran_a', 'ymd'), ('ntx_prep_a', 'of'))
        lien tang -> OVERLAP      cwlb 0.326  DISC:(('conn_btw', 'and'), ('conn_pre_b', 'and')) & ONT:(('EQ', 'type_a', 'Killing'), ('EQ', 'type_b', 'Bodily_harm'))
        lien tang -> OVERLAP      cwlb 0.326  DISC:(('conn_btw', 'and'), ('conn_pre_b', 'and')) & ONT:(('EQ', 'type_a', 'Killing'), ('EQ', 'type_pair', ('Killing', 'Bodily_harm')))
[  926s] EV->TIMEX: stage A ...
[  935s]   pattern theo tang: {'ONT': 71, 'ARG': 26, 'DISC': 233, 'LEX': 30, 'TIME': 0}
[  943s]   stage B ...
[  943s]   luat lien tang: 714 ({'CONTAINS': 643, 'SIMULTANEOUS': 9, 'OVERLAP': 62})

 EV->TIMEX -- 245 pattern ({'ONT': 71, 'ARG': 26, 'DISC': 233, 'LEX': 30, 'TIME': 0}), 714 luat lien tang
   giai doan 1:                     macro  29.74%  acc  89.44%
   + pattern tung tang              macro  30.16% (+0.41)  acc  89.47%  doi    43 dung  41.9%  nguong {'OVER': 0.2}
      BEFO 94.6  CONT 39.1  SIMU 23.0  OVER 24.3  BEGI 0.0  ENDS 0.0
   + pattern + luat lien tang       macro  30.61% (+0.87)  acc  89.34%  doi   394 dung  42.6%  nguong {'CONT': 0.4, 'OVER': 0.3}
      BEFO 94.6  CONT 43.9  SIMU 23.1  OVER 22.1  BEGI 0.0  ENDS 0.0
        lien tang -> CONTAINS     cwlb 0.816  ARG:(('role', 'Location'), ('role', 'Loss')) & DISC:(('ebkt', 'lead'), ('order', 'e<t')) & LEX:(('lem', 'cyclone'),)
        lien tang -> CONTAINS     cwlb 0.816  ARG:(('role', 'Loss'),) & DISC:(('ebkt', 'lead'), ('order', 'e<t')) & LEX:(('lem', 'cyclone'),)
        lien tang -> OVERLAP      cwlb 0.213  DISC:(('prep', 'to'), ('sdist', '0')) & ONT:(('anch', True), ('etype', 'Hostile_encounter'))
        lien tang -> OVERLAP      cwlb 0.213  DISC:(('prep', 'to'), ('sdist', '0')) & ONT:(('etype', 'Hostile_encounter'),)
[  953s] TIMEX->EV: stage A ...
[  959s]   pattern theo tang: {'ONT': 31, 'ARG': 14, 'DISC': 226, 'LEX': 25, 'TIME': 1}
[  966s]   stage B ...
[  967s]   luat lien tang: 627 ({'CONTAINS': 428, 'OVERLAP': 199})

 TIMEX->EV -- 248 pattern ({'ONT': 31, 'ARG': 14, 'DISC': 226, 'LEX': 25, 'TIME': 1}), 627 luat lien tang
   giai doan 1:                     macro  24.29%  acc  74.09%
   + pattern tung tang              macro  26.24% (+1.95)  acc  74.11%  doi   183 dung  28.4%  nguong {'OVER': 0.2}
      BEFO 81.5  CONT 59.9  OVER 16.0
   + pattern + luat lien tang       macro  26.24% (+1.95)  acc  74.11%  doi   183 dung  28.4%  nguong {'OVER': 0.2}
      BEFO 81.5  CONT 59.9  OVER 16.0
        lien tang -> CONTAINS     cwlb 0.954  DISC:(('ebkt', 'mid'), ('prep', 'during')) & LEX:(('txw', 'war'), ('txw', 'world'))
        lien tang -> CONTAINS     cwlb 0.948  DISC:(('ebkt', 'mid'), ('prep', 'during')) & LEX:(('txw', 'world'),)
        lien tang -> OVERLAP      cwlb 0.193  ARG:(('role', 'Location'), ('role', 'Loss')) & DISC:(('ebkt', 'lead'), ('sdist', '1')) & ONT:(('etype', 'Catastrophe'), ('ttype', 'DATE'))
        lien tang -> OVERLAP      cwlb 0.193  ARG:(('role', 'Loss'), ('role', 'Patient')) & DISC:(('ebkt', 'lead'), ('sdist', '1')) & ONT:(('etype', 'Catastrophe'), ('ttype', 'DATE'))
[  972s] TIMEX-TIMEX: stage A ...
[  972s]   pattern theo tang: {'ONT': 22, 'DISC': 47, 'LEX': 19, 'TIME': 22}
[  973s]   stage B ...
[  973s]   luat lien tang: 450 ({'CONTAINS': 397, 'OVERLAP': 12, 'BEGINS-ON': 3, 'SIMULTANEOUS': 35, 'ENDS-ON': 3})

 TIMEX-TIMEX -- 98 pattern ({'ONT': 22, 'DISC': 47, 'LEX': 19, 'TIME': 22}), 450 luat lien tang
   giai doan 1:                     macro  32.98%  acc  84.35%
   + pattern tung tang              macro  34.67% (+1.69)  acc  81.77%  doi  1809 dung  40.0%  nguong {'CONT': 0.4, 'SIMU': 0.2}
      BEFO 88.8  CONT 58.8  SIMU 60.4  OVER 0.0  BEGI 0.0  ENDS 0.0
   + pattern + luat lien tang       macro  34.93% (+1.95)  acc  85.52%  doi   505 dung  63.4%  nguong {'CONT': 0.5}
      BEFO 91.7  CONT 57.6  SIMU 60.3  OVER 0.0  BEGI 0.0  ENDS 0.0
        lien tang -> CONTAINS     cwlb 0.871  LEX:(('wa', 'war'), ('wa', 'world')) & TIME:(('cal', 'unk'), ('gb', 'ymd'))
        lien tang -> CONTAINS     cwlb 0.871  LEX:(('wa', 'war'), ('wa', 'world')) & TIME:(('ga', 'none'), ('gb', 'ymd'))
        lien tang -> SIMULTANEOUS cwlb 0.771  DISC:(('order', 'b<a'),) & TIME:(('cal', 'eq'),)
        lien tang -> SIMULTANEOUS cwlb 0.761  DISC:(('order', 'b<a'),) & TIME:(('cal', 'eq'), ('ga', 'y'))

 GOP 188.924 CANH: giai doan 1 macro 30.09% acc 84.96%  ->  theo tang 30.83% (+0.74) acc 84.70%
      BEFO 91.3  CONT 52.9  SIMU 26.0  OVER 14.8  BEGI 0.0  ENDS 0.0
[  980s] da luu 981319 du doan -> pred_layered.json
[  980s] xong
