Gold label distribution when a definition-derived cue is present (train = all 3 train splits)
ET  cue                                                  part      |      n    BEF   CONT    SIM    OVL     BO     EO | BO docs EO docs
TT  range and its first date: CAL same_start, not equal  train     |    256    113    119      0      3     20      1 |  13   1
TT  range and its first date: CAL same_start, not equal  valid     |     62     11     38      0      0     13      0 |  12   0
    definition predicts: BEGINS-ON
TT  CAL same_start & A is the range                      train     |    103     26     67      0      0     10      0 |   8   0
TT  CAL same_start & A is the range                      valid     |     36      2     24      0      0     10      0 |   9   0
    definition predicts: BEGINS-ON
TT  CAL same_start & B is the range                      train     |     43     23      6      0      2     11      1 |   6   1
TT  CAL same_start & B is the range                      valid     |     10      5      1      0      0      4      0 |   4   0
    definition predicts: BEGINS-ON
TT  CAL same_end, not equal                              train     |    309    133    169      0      1      0      6 |   0   5
TT  CAL same_end, not equal                              valid     |     83     29     52      0      2      0      0 |   0   0
    definition predicts: (same end)
TT  CAL A_end_is_B_start (shared boundary)               train     |    156     61     86      0      3      0      6 |   0   4
TT  CAL A_end_is_B_start (shared boundary)               valid     |     48     15     29      0      2      0      2 |   0   1
    definition predicts: ENDS-ON
TT  'from A to B' (head is the 'from' side)              train     |    392    359      3      0      1      0     29 |   0  27
TT  'from A to B' (head is the 'from' side)              valid     |    123    121      2      0      0      0      0 |   0   0
    definition predicts: ENDS-ON
TT  'from B to A' (head is the 'to' side)                train     |      9      5      2      2      0      0      0 |   0   0
TT  'from B to A' (head is the 'to' side)                valid     |      3      1      2      0      0      0      0 |   0   0
    definition predicts: ENDS-ON
TT  'between A and B' (head first)                       train     |    178    157      0      2      1      0     18 |   0  18
TT  'between A and B' (head first)                       valid     |     40     37      0      1      0      0      2 |   0   2
    definition predicts: ENDS-ON
TT  'A to/through/- B' same sentence, head first         train     |    267    205     38      4     13      3      4 |   3   4
TT  'A to/through/- B' same sentence, head first         valid     |     68     55     11      1      1      0      0 |   0   0
    definition predicts: ENDS-ON
TT  'for DURATION' B + same sentence                     train     |     69     34     28      0      6      1      0 |   1   0
TT  'for DURATION' B + same sentence                     valid     |      9      6      1      0      2      0      0 |   0   0
    definition predicts: BEGINS-ON
ET  event ... since/from TIMEX (same sentence)           train     |    534    359     60     19     77     18      1 |  18   1
ET  event ... since/from TIMEX (same sentence)           valid     |    165     85     37      1     38      4      0 |   4   0
    definition predicts: BEGINS-ON
ET  TIMEX preceded directly by 'since'                   train     |     45     31      4      4      0      6      0 |   6   0
ET  TIMEX preceded directly by 'since'                   valid     |     10      6      0      0      2      2      0 |   2   0
    definition predicts: BEGINS-ON
ET  TIMEX preceded directly by 'from'                    train     |    136     92     29      5      0     10      0 |  10   0
ET  TIMEX preceded directly by 'from'                    valid     |     46     17     26      1      0      2      0 |   2   0
    definition predicts: BEGINS-ON
ET  event ... until/till/through/by TIMEX                train     |   1325    980     85     20    234      1      5 |   1   5
ET  event ... until/till/through/by TIMEX                valid     |    383    250     32      9     92      0      0 |   0   0
    definition predicts: ENDS-ON
ET  TIMEX preceded directly by 'until'                   train     |    254    205     12      1     34      0      2 |   0   2
ET  TIMEX preceded directly by 'until'                   valid     |     82     66      2      0     14      0      0 |   0   0
    definition predicts: ENDS-ON
ET  event 'for DURATION' (same sentence)                 train     |    219    145     33     33      6      2      0 |   2   0
ET  event 'for DURATION' (same sentence)                 valid     |     49     29     13      5      1      1      0 |   1   0
    definition predicts: BEGINS-ON
ET  'DURATION after' event                               train     |    209    191      7      3      4      3      1 |   2   1
ET  'DURATION after' event                               valid     |     37     37      0      0      0      0      0 |   0   0
    definition predicts: BEGINS-ON
ET  event is a BEGIN verb, same sentence                 train     |    397    359      7     21      7      3      0 |   3   0
ET  event is a BEGIN verb, same sentence                 valid     |     76     71      0      3      2      0      0 |   0   0
    definition predicts: BEGINS-ON
ET  event is an END verb, same sentence                  train     |    224    196      5     15      8      0      0 |   0   0
ET  event is an END verb, same sentence                  valid     |     60     49      7      0      4      0      0 |   0   0
    definition predicts: ENDS-ON
ET  'from TIMEX to ...' TIMEX is from-side               train     |     10      5      4      0      0      1      0 |   1   0
ET  'from TIMEX to ...' TIMEX is from-side               valid     |      1      0      1      0      0      0      0 |   0   0
    definition predicts: BEGINS-ON
ET  'from ... to TIMEX' TIMEX is to-side                 train     |      0      0      0      0      0      0      0 |   0   0
ET  'from ... to TIMEX' TIMEX is to-side                 valid     |      0      0      0      0      0      0      0 |   0   0
    definition predicts: ENDS-ON
TE  TIMEX ... until event                                train     |   1260    339    896      0     24      0      1 |   0   1
TE  TIMEX ... until event                                valid     |    319     91    220      0      8      0      0 |   0   0
    definition predicts: ENDS-ON
EE  head is a BEGIN verb, same sentence                  train     |   1973   1813     69     63     24      1      3 |   1   3
EE  head is a BEGIN verb, same sentence                  valid     |    427    360     39     18      9      0      1 |   0   1
    definition predicts: BEGINS-ON
EE  tail is a BEGIN verb, same sentence                  train     |   1645   1362    189     61     27      3      3 |   2   3
EE  tail is a BEGIN verb, same sentence                  valid     |    336    274     43     14      5      0      0 |   0   0
    definition predicts: BEGINS-ON
EE  head is an END verb, same sentence                   train     |   1294   1120     75     62     34      1      2 |   1   2
EE  head is an END verb, same sentence                   valid     |    304    264     22     11      7      0      0 |   0   0
    definition predicts: ENDS-ON
EE  'since' between, same sentence                       train     |     72     68      2      2      0      0      0 |   0   0
EE  'since' between, same sentence                       valid     |     22     19      2      0      1      0      0 |   0   0
    definition predicts: BEGINS-ON
EE  'until' between, same sentence                       train     |    126    109      8      3      4      0      2 |   0   2
EE  'until' between, same sentence                       valid     |     29     27      1      0      1      0      0 |   0   0
    definition predicts: ENDS-ON
EE  'when' between, same sentence                        train     |    256    184     49     14      9      0      0 |   0   0
EE  'when' between, same sentence                        valid     |     63     43     16      4      0      0      0 |   0   0
    definition predicts: BEGINS-ON/ENDS-ON
EE  'as soon as' (soon between)                          train     |     38     29      5      4      0      0      0 |   0   0
EE  'as soon as' (soon between)                          valid     |     13     12      1      0      0      0      0 |   0   0
    definition predicts: BEGINS-ON
